// Jest Snapshot v1, https://goo.gl/fbAQLP

exports[`test to match snapshot 1`] = `
ShallowWrapper {
  "length": 1,
  Symbol(enzyme.__root__): [Circular],
  Symbol(enzyme.__unrendered__): <Todo
    onClick={
      [MockFunction] {
        "calls": Array [
          Array [],
        ],
      }
    }
    text="kek"
  />,
  Symbol(enzyme.__renderer__): Object {
    "batchedUpdates": [Function],
    "getNode": [Function],
    "render": [Function],
    "simulateEvent": [Function],
    "unmount": [Function],
  },
  Symbol(enzyme.__node__): Object {
    "instance": null,
    "key": undefined,
    "nodeType": "host",
    "props": Object {
      "children": Array [
        <p>
          kek
        </p>,
        <button
          onClick={
            [MockFunction] {
              "calls": Array [
                Array [],
              ],
            }
          }
        >
          ✖
        </button>,
      ],
    },
    "ref": null,
    "rendered": Array [
      Object {
        "instance": null,
        "key": undefined,
        "nodeType": "host",
        "props": Object {
          "children": "kek",
        },
        "ref": null,
        "rendered": "kek",
        "type": "p",
      },
      Object {
        "instance": null,
        "key": undefined,
        "nodeType": "host",
        "props": Object {
          "children": "✖",
          "onClick": [MockFunction] {
            "calls": Array [
              Array [],
            ],
          },
        },
        "ref": null,
        "rendered": "✖",
        "type": "button",
      },
    ],
    "type": "li",
  },
  Symbol(enzyme.__nodes__): Array [
    Object {
      "instance": null,
      "key": undefined,
      "nodeType": "host",
      "props": Object {
        "children": Array [
          <p>
            kek
          </p>,
          <button
            onClick={
              [MockFunction] {
                "calls": Array [
                  Array [],
                ],
              }
            }
          >
            ✖
          </button>,
        ],
      },
      "ref": null,
      "rendered": Array [
        Object {
          "instance": null,
          "key": undefined,
          "nodeType": "host",
          "props": Object {
            "children": "kek",
          },
          "ref": null,
          "rendered": "kek",
          "type": "p",
        },
        Object {
          "instance": null,
          "key": undefined,
          "nodeType": "host",
          "props": Object {
            "children": "✖",
            "onClick": [MockFunction] {
              "calls": Array [
                Array [],
              ],
            },
          },
          "ref": null,
          "rendered": "✖",
          "type": "button",
        },
      ],
      "type": "li",
    },
  ],
  Symbol(enzyme.__options__): Object {
    "adapter": ReactSixteenAdapter {
      "options": Object {
        "enableComponentDidUpdateOnSetState": true,
      },
    },
  },
}
`;
